// Jest Snapshot v1, https://goo.gl/fbAQLP

exports[`List component render the UI as expected 1`] = `
<div
  className="Card"
>
  <button
    onClick={[Function]}
    type="button"
  >
    Delete
  </button>
  <h3>
     
     
  </h3>
  <p>
     
     
  </p>
</div>
`;
